00:00 +0: loading C:/Users/USER/figma/test/widget_test.dart
00:00 +0: App smoke test
══╡ EXCEPTION CAUGHT BY RENDERING LIBRARY ╞═════════════════════════════════════════════════════════
The following assertion was thrown during layout:
A RenderFlex overflowed by 490 pixels on the right.

The relevant error-causing widget was:
  Row Row:file:///C:/Users/USER/figma/lib/widgets/nav_bar.dart:12:14

The overflowing RenderFlex has an orientation of Axis.horizontal.
The edge of the RenderFlex that is overflowing has been marked in the rendering with a yellow and
black striped pattern. This is usually caused by the contents being too big for the RenderFlex.
Consider applying a flex factor (e.g. using an Expanded widget) to force the children of the
RenderFlex to fit within the available space instead of being sized to their natural size.
This is considered an error condition because it indicates that there is content that cannot be
seen. If the content is legitimately bigger than the available space, consider clipping it with a
ClipRect widget before putting it in the flex, or using a scrollable container rather than a Flex,
like a ListView.
The specific RenderFlex in question is: RenderFlex#d7660 relayoutBoundary=up13 OVERFLOWING:
  creator: Row ← Padding ← ColoredBox ← Container ← NavBar ← Column ← _SingleChildViewport ←
    IgnorePointer-[GlobalKey#f92d4] ← Semantics ← Listener ← _GestureSemantics ←
    RawGestureDetector-[LabeledGlobalKey<RawGestureDetectorState>#0a45a] ← ⋯
  parentData: offset=Offset(100.0, 25.0) (can use size)
  constraints: BoxConstraints(0.0<=w<=600.0, 0.0<=h<=Infinity)
  size: Size(600.0, 50.0)
  direction: horizontal
  mainAxisAlignment: spaceBetween
  mainAxisSize: max
  crossAxisAlignment: center
  textDirection: ltr
  verticalDirection: down
  spacing: 0.0
◢◤◢◤◢◤◢◤◢◤◢◤◢◤◢◤◢◤◢◤◢◤◢◤◢◤◢◤◢◤◢◤◢◤◢◤◢◤◢◤◢◤◢◤◢◤◢◤◢◤◢◤◢◤◢◤◢◤◢◤◢◤◢◤◢◤◢◤◢◤◢◤◢◤◢◤◢◤◢◤◢◤◢◤◢◤◢◤◢◤◢◤◢◤◢◤◢◤◢◤
════════════════════════════════════════════════════════════════════════════════════════════════════
══╡ EXCEPTION CAUGHT BY RENDERING LIBRARY ╞═════════════════════════════════════════════════════════
The following assertion was thrown during layout:
A RenderFlex overflowed by 223 pixels on the right.

The relevant error-causing widget was:
  Row Row:file:///C:/Users/USER/figma/lib/widgets/hero_section.dart:17:17

The overflowing RenderFlex has an orientation of Axis.horizontal.
The edge of the RenderFlex that is overflowing has been marked in the rendering with a yellow and
black striped pattern. This is usually caused by the contents being too big for the RenderFlex.
Consider applying a flex factor (e.g. using an Expanded widget) to force the children of the
RenderFlex to fit within the available space instead of being sized to their natural size.
This is considered an error condition because it indicates that there is content that cannot be
seen. If the content is legitimately bigger than the available space, consider clipping it with a
ClipRect widget before putting it in the flex, or using a scrollable container rather than a Flex,
like a ListView.
The specific RenderFlex in question is: RenderFlex#95547 relayoutBoundary=up14 OVERFLOWING:
  creator: Row ← Column ← Expanded ← Row ← Padding ← Container ← HeroSection ← Column ←
    _SingleChildViewport ← IgnorePointer-[GlobalKey#f92d4] ← Semantics ← Listener ← ⋯
  parentData: offset=Offset(0.0, 0.0); flex=null; fit=null (can use size)
  constraints: BoxConstraints(0.0<=w<=100.0, 0.0<=h<=Infinity)
  size: Size(100.0, 29.0)
  direction: horizontal
  mainAxisAlignment: start
  mainAxisSize: max
  crossAxisAlignment: center
  textDirection: ltr
  verticalDirection: down
  spacing: 0.0
◢◤◢◤◢◤◢◤◢◤◢◤◢◤◢◤◢◤◢◤◢◤◢◤◢◤◢◤◢◤◢◤◢◤◢◤◢◤◢◤◢◤◢◤◢◤◢◤◢◤◢◤◢◤◢◤◢◤◢◤◢◤◢◤◢◤◢◤◢◤◢◤◢◤◢◤◢◤◢◤◢◤◢◤◢◤◢◤◢◤◢◤◢◤◢◤◢◤◢◤
════════════════════════════════════════════════════════════════════════════════════════════════════
══╡ EXCEPTION CAUGHT BY RENDERING LIBRARY ╞═════════════════════════════════════════════════════════
The following assertion was thrown during layout:
A RenderFlex overflowed by 400 pixels on the right.

The relevant error-causing widget was:
  Row Row:file:///C:/Users/USER/figma/lib/widgets/service_section.dart:12:18

The overflowing RenderFlex has an orientation of Axis.horizontal.
The edge of the RenderFlex that is overflowing has been marked in the rendering with a yellow and
black striped pattern. This is usually caused by the contents being too big for the RenderFlex.
Consider applying a flex factor (e.g. using an Expanded widget) to force the children of the
RenderFlex to fit within the available space instead of being sized to their natural size.
This is considered an error condition because it indicates that there is content that cannot be
seen. If the content is legitimately bigger than the available space, consider clipping it with a
ClipRect widget before putting it in the flex, or using a scrollable container rather than a Flex,
like a ListView.
The specific RenderFlex in question is: RenderFlex#e3bfe relayoutBoundary=up13 OVERFLOWING:
  creator: Row ← Padding ← Container ← Column ← ServiceSection ← Column ← _SingleChildViewport ←
    IgnorePointer-[GlobalKey#f92d4] ← Semantics ← Listener ← _GestureSemantics ←
    RawGestureDetector-[LabeledGlobalKey<RawGestureDetectorState>#0a45a] ← ⋯
  parentData: offset=Offset(100.0, 40.0) (can use size)
  constraints: BoxConstraints(0.0<=w<=600.0, 0.0<=h<=Infinity)
  size: Size(600.0, 246.0)
  direction: horizontal
  mainAxisAlignment: spaceBetween
  mainAxisSize: max
  crossAxisAlignment: center
  textDirection: ltr
  verticalDirection: down
  spacing: 0.0
◢◤◢◤◢◤◢◤◢◤◢◤◢◤◢◤◢◤◢◤◢◤◢◤◢◤◢◤◢◤◢◤◢◤◢◤◢◤◢◤◢◤◢◤◢◤◢◤◢◤◢◤◢◤◢◤◢◤◢◤◢◤◢◤◢◤◢◤◢◤◢◤◢◤◢◤◢◤◢◤◢◤◢◤◢◤◢◤◢◤◢◤◢◤◢◤◢◤◢◤
════════════════════════════════════════════════════════════════════════════════════════════════════
══╡ EXCEPTION CAUGHT BY RENDERING LIBRARY ╞═════════════════════════════════════════════════════════
The following assertion was thrown during layout:
A RenderFlex overflowed by 26 pixels on the bottom.

The relevant error-causing widget was:
  Column Column:file:///C:/Users/USER/figma/lib/widgets/popular_section.dart:90:14

The overflowing RenderFlex has an orientation of Axis.vertical.
The edge of the RenderFlex that is overflowing has been marked in the rendering with a yellow and
black striped pattern. This is usually caused by the contents being too big for the RenderFlex.
Consider applying a flex factor (e.g. using an Expanded widget) to force the children of the
RenderFlex to fit within the available space instead of being sized to their natural size.
This is considered an error condition because it indicates that there is content that cannot be
seen. If the content is legitimately bigger than the available space, consider clipping it with a
ClipRect widget before putting it in the flex, or using a scrollable container rather than a Flex,
like a ListView.
The specific RenderFlex in question is: RenderFlex#837b3 OVERFLOWING:
  creator: Column ← Padding ← DecoratedBox ← ConstrainedBox ← Container ← _PopularCard ←
    RepaintBoundary ← IndexedSemantics ← _SelectionKeepAlive ←
    NotificationListener<KeepAliveNotification> ← KeepAlive ← AutomaticKeepAlive ← ⋯
  parentData: offset=Offset(30.0, 30.0) (can use size)
  constraints: BoxConstraints(w=240.0, h=190.0)
  size: Size(240.0, 190.0)
  direction: vertical
  mainAxisAlignment: start
  mainAxisSize: max
  crossAxisAlignment: start
  textDirection: ltr
  verticalDirection: down
  spacing: 0.0
◢◤◢◤◢◤◢◤◢◤◢◤◢◤◢◤◢◤◢◤◢◤◢◤◢◤◢◤◢◤◢◤◢◤◢◤◢◤◢◤◢◤◢◤◢◤◢◤◢◤◢◤◢◤◢◤◢◤◢◤◢◤◢◤◢◤◢◤◢◤◢◤◢◤◢◤◢◤◢◤◢◤◢◤◢◤◢◤◢◤◢◤◢◤◢◤◢◤◢◤
════════════════════════════════════════════════════════════════════════════════════════════════════
══╡ EXCEPTION CAUGHT BY RENDERING LIBRARY ╞═════════════════════════════════════════════════════════
The following assertion was thrown during layout:
A RenderFlex overflowed by 301 pixels on the right.

The relevant error-causing widget was:
  Row Row:file:///C:/Users/USER/figma/lib/widgets/footer.dart:13:11

The overflowing RenderFlex has an orientation of Axis.horizontal.
The edge of the RenderFlex that is overflowing has been marked in the rendering with a yellow and
black striped pattern. This is usually caused by the contents being too big for the RenderFlex.
Consider applying a flex factor (e.g. using an Expanded widget) to force the children of the
RenderFlex to fit within the available space instead of being sized to their natural size.
This is considered an error condition because it indicates that there is content that cannot be
seen. If the content is legitimately bigger than the available space, consider clipping it with a
ClipRect widget before putting it in the flex, or using a scrollable container rather than a Flex,
like a ListView.
The specific RenderFlex in question is: RenderFlex#6caeb relayoutBoundary=up14 OVERFLOWING:
  creator: Row ← Column ← Padding ← ColoredBox ← Container ← Footer ← Column ← _SingleChildViewport ←
    IgnorePointer-[GlobalKey#f92d4] ← Semantics ← Listener ← _GestureSemantics ← ⋯
  parentData: offset=Offset(0.0, 0.0); flex=null; fit=null (can use size)
  constraints: BoxConstraints(0.0<=w<=600.0, 0.0<=h<=Infinity)
  size: Size(600.0, 163.0)
  direction: horizontal
  mainAxisAlignment: start
  mainAxisSize: max
  crossAxisAlignment: start
  textDirection: ltr
  verticalDirection: down
  spacing: 0.0
◢◤◢◤◢◤◢◤◢◤◢◤◢◤◢◤◢◤◢◤◢◤◢◤◢◤◢◤◢◤◢◤◢◤◢◤◢◤◢◤◢◤◢◤◢◤◢◤◢◤◢◤◢◤◢◤◢◤◢◤◢◤◢◤◢◤◢◤◢◤◢◤◢◤◢◤◢◤◢◤◢◤◢◤◢◤◢◤◢◤◢◤◢◤◢◤◢◤◢◤
════════════════════════════════════════════════════════════════════════════════════════════════════
══╡ EXCEPTION CAUGHT BY IMAGE RESOURCE SERVICE ╞════════════════════════════════════════════════════
The following NetworkImageLoadException was thrown resolving an image codec:
HTTP request failed, statusCode: 400,
https://images.unsplash.com/photo-1600596542815-2a4d04774c13?auto=format&fit=crop&q=80&w=600

When the exception was thrown, this was the stack:
#0      NetworkImage._loadAsync (package:flutter/src/painting/_network_image_io.dart:130:9)
<asynchronous suspension>
#1      MultiFrameImageStreamCompleter._handleCodecReady (package:flutter/src/painting/image_stream.dart:1021:3)
<asynchronous suspension>

Image provider:
  NetworkImage("https://images.unsplash.com/photo-1600596542815-2a4d04774c13?auto=format&fit=crop&q=80&w=600",
  scale: 1.0, webHtmlElementStrategy: never, headers: null)
Image key:
  NetworkImage("https://images.unsplash.com/photo-1600596542815-2a4d04774c13?auto=format&fit=crop&q=80&w=600",
  scale: 1.0, webHtmlElementStrategy: never, headers: null)
════════════════════════════════════════════════════════════════════════════════════════════════════
══╡ EXCEPTION CAUGHT BY IMAGE RESOURCE SERVICE ╞════════════════════════════════════════════════════
The following NetworkImageLoadException was thrown resolving an image codec:
HTTP request failed, statusCode: 400,
https://images.unsplash.com/photo-1600607687939-ce8a6c25118c?auto=format&fit=crop&q=80&w=600

When the exception was thrown, this was the stack:
#0      NetworkImage._loadAsync (package:flutter/src/painting/_network_image_io.dart:130:9)
<asynchronous suspension>
#1      MultiFrameImageStreamCompleter._handleCodecReady (package:flutter/src/painting/image_stream.dart:1021:3)
<asynchronous suspension>

Image provider:
  NetworkImage("https://images.unsplash.com/photo-1600607687939-ce8a6c25118c?auto=format&fit=crop&q=80&w=600",
  scale: 1.0, webHtmlElementStrategy: never, headers: null)
Image key:
  NetworkImage("https://images.unsplash.com/photo-1600607687939-ce8a6c25118c?auto=format&fit=crop&q=80&w=600",
  scale: 1.0, webHtmlElementStrategy: never, headers: null)
════════════════════════════════════════════════════════════════════════════════════════════════════
══╡ EXCEPTION CAUGHT BY IMAGE RESOURCE SERVICE ╞════════════════════════════════════════════════════
The following NetworkImageLoadException was thrown resolving an image codec:
HTTP request failed, statusCode: 400,
https://images.unsplash.com/photo-1512917774080-9991f1c4c750?auto=format&fit=crop&q=80&w=600

When the exception was thrown, this was the stack:
#0      NetworkImage._loadAsync (package:flutter/src/painting/_network_image_io.dart:130:9)
<asynchronous suspension>
#1      MultiFrameImageStreamCompleter._handleCodecReady (package:flutter/src/painting/image_stream.dart:1021:3)
<asynchronous suspension>

Image provider:
  NetworkImage("https://images.unsplash.com/photo-1512917774080-9991f1c4c750?auto=format&fit=crop&q=80&w=600",
  scale: 1.0, webHtmlElementStrategy: never, headers: null)
Image key:
  NetworkImage("https://images.unsplash.com/photo-1512917774080-9991f1c4c750?auto=format&fit=crop&q=80&w=600",
  scale: 1.0, webHtmlElementStrategy: never, headers: null)
════════════════════════════════════════════════════════════════════════════════════════════════════
══╡ EXCEPTION CAUGHT BY IMAGE RESOURCE SERVICE ╞════════════════════════════════════════════════════
The following NetworkImageLoadException was thrown resolving an image codec:
HTTP request failed, statusCode: 400,
https://images.unsplash.com/photo-1600566753190-17f0baa2a6c3?auto=format&fit=crop&q=80&w=600

When the exception was thrown, this was the stack:
#0      NetworkImage._loadAsync (package:flutter/src/painting/_network_image_io.dart:130:9)
<asynchronous suspension>
#1      MultiFrameImageStreamCompleter._handleCodecReady (package:flutter/src/painting/image_stream.dart:1021:3)
<asynchronous suspension>

Image provider:
  NetworkImage("https://images.unsplash.com/photo-1600566753190-17f0baa2a6c3?auto=format&fit=crop&q=80&w=600",
  scale: 1.0, webHtmlElementStrategy: never, headers: null)
Image key:
  NetworkImage("https://images.unsplash.com/photo-1600566753190-17f0baa2a6c3?auto=format&fit=crop&q=80&w=600",
  scale: 1.0, webHtmlElementStrategy: never, headers: null)
════════════════════════════════════════════════════════════════════════════════════════════════════
══╡ EXCEPTION CAUGHT BY IMAGE RESOURCE SERVICE ╞════════════════════════════════════════════════════
The following NetworkImageLoadException was thrown resolving an image codec:
HTTP request failed, statusCode: 400,
https://images.unsplash.com/photo-1486406146926-c627a92ad1ab?auto=format&fit=crop&q=80&w=600

When the exception was thrown, this was the stack:
#0      NetworkImage._loadAsync (package:flutter/src/painting/_network_image_io.dart:130:9)
<asynchronous suspension>
#1      MultiFrameImageStreamCompleter._handleCodecReady (package:flutter/src/painting/image_stream.dart:1021:3)
<asynchronous suspension>

Image provider:
  NetworkImage("https://images.unsplash.com/photo-1486406146926-c627a92ad1ab?auto=format&fit=crop&q=80&w=600",
  scale: 1.0, webHtmlElementStrategy: never, headers: null)
Image key:
  NetworkImage("https://images.unsplash.com/photo-1486406146926-c627a92ad1ab?auto=format&fit=crop&q=80&w=600",
  scale: 1.0, webHtmlElementStrategy: never, headers: null)
════════════════════════════════════════════════════════════════════════════════════════════════════
══╡ EXCEPTION CAUGHT BY IMAGE RESOURCE SERVICE ╞════════════════════════════════════════════════════
The following NetworkImageLoadException was thrown resolving an image codec:
HTTP request failed, statusCode: 400,
https://images.unsplash.com/photo-1554469384-e58fac16e23a?auto=format&fit=crop&q=80&w=600

When the exception was thrown, this was the stack:
#0      NetworkImage._loadAsync (package:flutter/src/painting/_network_image_io.dart:130:9)
<asynchronous suspension>
#1      MultiFrameImageStreamCompleter._handleCodecReady (package:flutter/src/painting/image_stream.dart:1021:3)
<asynchronous suspension>

Image provider:
  NetworkImage("https://images.unsplash.com/photo-1554469384-e58fac16e23a?auto=format&fit=crop&q=80&w=600",
  scale: 1.0, webHtmlElementStrategy: never, headers: null)
Image key:
  NetworkImage("https://images.unsplash.com/photo-1554469384-e58fac16e23a?auto=format&fit=crop&q=80&w=600",
  scale: 1.0, webHtmlElementStrategy: never, headers: null)
════════════════════════════════════════════════════════════════════════════════════════════════════
══╡ EXCEPTION CAUGHT BY IMAGE RESOURCE SERVICE ╞════════════════════════════════════════════════════
The following NetworkImageLoadException was thrown resolving an image codec:
HTTP request failed, statusCode: 400,
https://images.unsplash.com/photo-1497366216548-37526070297c?auto=format&fit=crop&q=80&w=600

When the exception was thrown, this was the stack:
#0      NetworkImage._loadAsync (package:flutter/src/painting/_network_image_io.dart:130:9)
<asynchronous suspension>
#1      MultiFrameImageStreamCompleter._handleCodecReady (package:flutter/src/painting/image_stream.dart:1021:3)
<asynchronous suspension>

Image provider:
  NetworkImage("https://images.unsplash.com/photo-1497366216548-37526070297c?auto=format&fit=crop&q=80&w=600",
  scale: 1.0, webHtmlElementStrategy: never, headers: null)
Image key:
  NetworkImage("https://images.unsplash.com/photo-1497366216548-37526070297c?auto=format&fit=crop&q=80&w=600",
  scale: 1.0, webHtmlElementStrategy: never, headers: null)
════════════════════════════════════════════════════════════════════════════════════════════════════
══╡ EXCEPTION CAUGHT BY FLUTTER TEST FRAMEWORK ╞════════════════════════════════════════════════════
The following message was thrown:
Multiple exceptions (12) were detected during the running of the current test, and at least one was
unexpected.
════════════════════════════════════════════════════════════════════════════════════════════════════
00:02 +0 -1: App smoke test [E]
  Test failed. See exception logs above.
  The test description was: App smoke test
  
Warning: At least one test in this suite creates an HttpClient. When running a test suite that uses
TestWidgetsFlutterBinding, all HTTP requests will return status code 400, and no network request
will actually be made. Any test expecting a real network connection and status code will fail.
To test code that needs an HttpClient, provide your own HttpClient implementation to the code under
test, so that your test can consistently provide a testable response to the code under test.
00:02 +0 -1: Some tests failed.
